---
source: crates/kapsel-api/src/config.rs
expression: conversions
---
{
  "circuit_config": {
    "failure_threshold": 10,
    "success_threshold": 3,
    "timeout_secs": 60
  },
  "client_config": {
    "timeout_secs": 45,
    "user_agent": "Kapsel/1.0"
  },
  "delivery_config": {
    "batch_size": 25,
    "shutdown_timeout_secs": 45,
    "worker_count": 8
  },
  "retry_policy": {
    "base_delay_ms": 2000,
    "jitter_factor": 0.15,
    "max_attempts": 10,
    "max_delay_ms": 300000
  }
}
