---
source: crates/kapsel-api/src/config.rs
expression: "serde_yaml::to_value(&config).unwrap()"
---
database_url: "postgresql://prod:secret@db.example.com:5432/kapsel"
database_max_connections: 50
database_min_connections: 10
database_connection_timeout: 10
database_idle_timeout: 600
database_max_lifetime: 1800
host: 0.0.0.0
port: 8080
request_timeout: 30
worker_pool_size: 32
worker_queue_size: 50
max_retry_attempts: 15
retry_base_delay_ms: 2000
retry_max_delay_ms: 600000
retry_jitter_factor: 0.1
circuit_breaker_failure_threshold: 8
circuit_breaker_success_threshold: 2
circuit_breaker_timeout_seconds: 120
delivery_timeout_seconds: 45
attestation_batch_size: 500
rust_log: "info,kapsel=debug"
